 GraphCreator [OPTIONS]
Applying Dijkstra minimal weight path search...
target found: V1
Vertices checked: 5, processed: 5
The path from source to target has been found: 
	V0; V2; V1; 
	Shortest path weight: 14
