 GraphCreator [OPTIONS]
Applying Bidirectional Dijkstra minimal weight path search...
Vertices checked: 8, processed: 12
A path from source to target has not been found.

