 GraphCreator [OPTIONS]
Applying breadth-first search...
target found: V1
Vertices checked: 4, processed: 3
The path from source to target has been found: 
	V0; V2; V1; 
	Shortest path weight: unknown (used algorithm is not capable to detect path of lowest weight)

