 GraphCreator [OPTIONS]
Applying Dijkstra minimal weight path search...
Vertices checked: 4, processed: 5
A path from source to target has not been found.

