 GraphCreator [OPTIONS]
Applying depth-first search...
	Source and target are the same vertex.

