 GraphCreator [OPTIONS]
Applying Dijkstra minimal weight path search...
	Source and target are the same vertex.

