 GraphCreator [OPTIONS]
Applying breadth-first search...
	Source and target are the same vertex.

