 GraphCreator [OPTIONS]
Applying Bidirectional Dijkstra minimal weight path search...
Vertices checked: 4, processed: 2
The path from source to target has been found: 
	V0; V1;
	Shortest path weight: 7

