 GraphCreator [OPTIONS]
Applying Dijkstra minimal weight path search...
target found: V1
Vertices checked: 1, processed: 2
The path from source to target has been found: 
	V0; V1; 
	Shortest path weight: 7
