 GraphCreator [OPTIONS]
Applying Bellman-Ford minimal weight path search...
	Source and target are the same vertex.

